Archive member included to satisfy reference by file (symbol)

c:/st/stm32cubeide_1.4.0/stm32cubeide/plugins/com.st.stm32cube.ide.mcu.externaltools.gnu-tools-for-stm32.7-2018-q2-update.win32_1.4.0.202007081208/tools/bin/../lib/gcc/arm-none-eabi/7.3.1/../../../../arm-none-eabi/lib/thumb/v7-m\libc_nano.a(lib_a-errno.o)
                              Src/syscalls.o (__errno)
c:/st/stm32cubeide_1.4.0/stm32cubeide/plugins/com.st.stm32cube.ide.mcu.externaltools.gnu-tools-for-stm32.7-2018-q2-update.win32_1.4.0.202007081208/tools/bin/../lib/gcc/arm-none-eabi/7.3.1/../../../../arm-none-eabi/lib/thumb/v7-m\libc_nano.a(lib_a-exit.o)
                              c:/st/stm32cubeide_1.4.0/stm32cubeide/plugins/com.st.stm32cube.ide.mcu.externaltools.gnu-tools-for-stm32.7-2018-q2-update.win32_1.4.0.202007081208/tools/bin/../lib/gcc/arm-none-eabi/7.3.1/../../../../arm-none-eabi/lib/thumb/v7-m/crt0.o (exit)
c:/st/stm32cubeide_1.4.0/stm32cubeide/plugins/com.st.stm32cube.ide.mcu.externaltools.gnu-tools-for-stm32.7-2018-q2-update.win32_1.4.0.202007081208/tools/bin/../lib/gcc/arm-none-eabi/7.3.1/../../../../arm-none-eabi/lib/thumb/v7-m\libc_nano.a(lib_a-impure.o)
                              c:/st/stm32cubeide_1.4.0/stm32cubeide/plugins/com.st.stm32cube.ide.mcu.externaltools.gnu-tools-for-stm32.7-2018-q2-update.win32_1.4.0.202007081208/tools/bin/../lib/gcc/arm-none-eabi/7.3.1/../../../../arm-none-eabi/lib/thumb/v7-m\libc_nano.a(lib_a-exit.o) (_global_impure_ptr)
c:/st/stm32cubeide_1.4.0/stm32cubeide/plugins/com.st.stm32cube.ide.mcu.externaltools.gnu-tools-for-stm32.7-2018-q2-update.win32_1.4.0.202007081208/tools/bin/../lib/gcc/arm-none-eabi/7.3.1/../../../../arm-none-eabi/lib/thumb/v7-m\libc_nano.a(lib_a-init.o)
                              c:/st/stm32cubeide_1.4.0/stm32cubeide/plugins/com.st.stm32cube.ide.mcu.externaltools.gnu-tools-for-stm32.7-2018-q2-update.win32_1.4.0.202007081208/tools/bin/../lib/gcc/arm-none-eabi/7.3.1/../../../../arm-none-eabi/lib/thumb/v7-m/crt0.o (__libc_init_array)
c:/st/stm32cubeide_1.4.0/stm32cubeide/plugins/com.st.stm32cube.ide.mcu.externaltools.gnu-tools-for-stm32.7-2018-q2-update.win32_1.4.0.202007081208/tools/bin/../lib/gcc/arm-none-eabi/7.3.1/../../../../arm-none-eabi/lib/thumb/v7-m\libc_nano.a(lib_a-memset.o)
                              c:/st/stm32cubeide_1.4.0/stm32cubeide/plugins/com.st.stm32cube.ide.mcu.externaltools.gnu-tools-for-stm32.7-2018-q2-update.win32_1.4.0.202007081208/tools/bin/../lib/gcc/arm-none-eabi/7.3.1/../../../../arm-none-eabi/lib/thumb/v7-m/crt0.o (memset)
c:/st/stm32cubeide_1.4.0/stm32cubeide/plugins/com.st.stm32cube.ide.mcu.externaltools.gnu-tools-for-stm32.7-2018-q2-update.win32_1.4.0.202007081208/tools/bin/../lib/gcc/arm-none-eabi/7.3.1/../../../../arm-none-eabi/lib/thumb/v7-m\libc_nano.a(lib_a-sprintf.o)
                              HAL/LCD_DRIVER/Lcd.o (sprintf)
c:/st/stm32cubeide_1.4.0/stm32cubeide/plugins/com.st.stm32cube.ide.mcu.externaltools.gnu-tools-for-stm32.7-2018-q2-update.win32_1.4.0.202007081208/tools/bin/../lib/gcc/arm-none-eabi/7.3.1/../../../../arm-none-eabi/lib/thumb/v7-m\libc_nano.a(lib_a-nano-svfprintf.o)
                              c:/st/stm32cubeide_1.4.0/stm32cubeide/plugins/com.st.stm32cube.ide.mcu.externaltools.gnu-tools-for-stm32.7-2018-q2-update.win32_1.4.0.202007081208/tools/bin/../lib/gcc/arm-none-eabi/7.3.1/../../../../arm-none-eabi/lib/thumb/v7-m\libc_nano.a(lib_a-sprintf.o) (_svfprintf_r)
c:/st/stm32cubeide_1.4.0/stm32cubeide/plugins/com.st.stm32cube.ide.mcu.externaltools.gnu-tools-for-stm32.7-2018-q2-update.win32_1.4.0.202007081208/tools/bin/../lib/gcc/arm-none-eabi/7.3.1/../../../../arm-none-eabi/lib/thumb/v7-m\libc_nano.a(lib_a-nano-vfprintf_i.o)
                              c:/st/stm32cubeide_1.4.0/stm32cubeide/plugins/com.st.stm32cube.ide.mcu.externaltools.gnu-tools-for-stm32.7-2018-q2-update.win32_1.4.0.202007081208/tools/bin/../lib/gcc/arm-none-eabi/7.3.1/../../../../arm-none-eabi/lib/thumb/v7-m\libc_nano.a(lib_a-nano-svfprintf.o) (_printf_i)
c:/st/stm32cubeide_1.4.0/stm32cubeide/plugins/com.st.stm32cube.ide.mcu.externaltools.gnu-tools-for-stm32.7-2018-q2-update.win32_1.4.0.202007081208/tools/bin/../lib/gcc/arm-none-eabi/7.3.1/../../../../arm-none-eabi/lib/thumb/v7-m\libc_nano.a(lib_a-memchr-stub.o)
                              c:/st/stm32cubeide_1.4.0/stm32cubeide/plugins/com.st.stm32cube.ide.mcu.externaltools.gnu-tools-for-stm32.7-2018-q2-update.win32_1.4.0.202007081208/tools/bin/../lib/gcc/arm-none-eabi/7.3.1/../../../../arm-none-eabi/lib/thumb/v7-m\libc_nano.a(lib_a-nano-svfprintf.o) (memchr)
c:/st/stm32cubeide_1.4.0/stm32cubeide/plugins/com.st.stm32cube.ide.mcu.externaltools.gnu-tools-for-stm32.7-2018-q2-update.win32_1.4.0.202007081208/tools/bin/../lib/gcc/arm-none-eabi/7.3.1/../../../../arm-none-eabi/lib/thumb/v7-m\libc_nano.a(lib_a-memcpy-stub.o)
[...]
Memory Configuration

Name             Origin             Length             Attributes
RAM              0x0000000020000000 0x0000000000002800 xrw
ROM              0x0000000008000000 0x0000000000008000 xr
*default*        0x0000000000000000 0xffffffffffffffff

Linker script and memory map

LOAD c:/st/stm32cubeide_1.4.0/stm32cubeide/plugins/com.st.stm32cube.ide.mcu.externaltools.gnu-tools-for-stm32.7-2018-q2-update.win32_1.4.0.202007081208/tools/bin/../lib/gcc/arm-none-eabi/7.3.1/thumb/v7-m/crti.o
LOAD c:/st/stm32cubeide_1.4.0/stm32cubeide/plugins/com.st.stm32cube.ide.mcu.externaltools.gnu-tools-for-stm32.7-2018-q2-update.win32_1.4.0.202007081208/tools/bin/../lib/gcc/arm-none-eabi/7.3.1/thumb/v7-m/crtbegin.o
LOAD c:/st/stm32cubeide_1.4.0/stm32cubeide/plugins/com.st.stm32cube.ide.mcu.externaltools.gnu-tools-for-stm32.7-2018-q2-update.win32_1.4.0.202007081208/tools/bin/../lib/gcc/arm-none-eabi/7.3.1/../../../../arm-none-eabi/lib/thumb/v7-m/crt0.o
LOAD HAL/KEYPAD_DRIVER/KeyPad.o
LOAD HAL/LCD_DRIVER/Lcd.o
LOAD HAL/Seven_Segment_DRIVER/Seven_Segment.o
LOAD Src/main.o
LOAD Src/syscalls.o
LOAD Src/sysmem.o
LOAD Startup/startup_stm32f103c6tx.o
LOAD Stm32_F103C6_Drivers/MCAL/EXTI_DRIVER/EXTI.o
LOAD Stm32_F103C6_Drivers/MCAL/GPIO_DRIVER/GPIO.o
LOAD Stm32_F103C6_Drivers/MCAL/RCC_DRIVER/RCC.o
LOAD Stm32_F103C6_Drivers/MCAL/USART_DRIVER/USART.o
START GROUP
LOAD c:/st/stm32cubeide_1.4.0/stm32cubeide/plugins/com.st.stm32cube.ide.mcu.externaltools.gnu-tools-for-stm32.7-2018-q2-update.win32_1.4.0.202007081208/tools/bin/../lib/gcc/arm-none-eabi/7.3.1/../../../../arm-none-eabi/lib/thumb/v7-m\libc_nano.a
LOAD c:/st/stm32cubeide_1.4.0/stm32cubeide/plugins/com.st.stm32cube.ide.mcu.externaltools.gnu-tools-for-stm32.7-2018-q2-update.win32_1.4.0.202007081208/tools/bin/../lib/gcc/arm-none-eabi/7.3.1/../../../../arm-none-eabi/lib/thumb/v7-m\libm.a
END GROUP
START GROUP
LOAD c:/st/stm32cubeide_1.4.0/stm32cubeide/plugins/com.st.stm32cube.ide.mcu.externaltools.gnu-tools-for-stm32.7-2018-q2-update.win32_1.4.0.202007081208/tools/bin/../lib/gcc/arm-none-eabi/7.3.1/thumb/v7-m\libgcc.a
LOAD c:/st/stm32cubeide_1.4.0/stm32cubeide/plugins/com.st.stm32cube.ide.mcu.externaltools.gnu-tools-for-stm32.7-2018-q2-update.win32_1.4.0.202007081208/tools/bin/../lib/gcc/arm-none-eabi/7.3.1/../../../../arm-none-eabi/lib/thumb/v7-m\libg_nano.a
LOAD c:/st/stm32cubeide_1.4.0/stm32cubeide/plugins/com.st.stm32cube.ide.mcu.externaltools.gnu-tools-for-stm32.7-2018-q2-update.win32_1.4.0.202007081208/tools/bin/../lib/gcc/arm-none-eabi/7.3.1/../../../../arm-none-eabi/lib/thumb/v7-m\libc_nano.a
END GROUP
START GROUP
LOAD c:/st/stm32cubeide_1.4.0/stm32cubeide/plugins/com.st.stm32cube.ide.mcu.externaltools.gnu-tools-for-stm32.7-2018-q2-update.win32_1.4.0.202007081208/tools/bin/../lib/gcc/arm-none-eabi/7.3.1/thumb/v7-m\libgcc.a
LOAD c:/st/stm32cubeide_1.4.0/stm32cubeide/plugins/com.st.stm32cube.ide.mcu.externaltools.gnu-tools-for-stm32.7-2018-q2-update.win32_1.4.0.202007081208/tools/bin/../lib/gcc/arm-none-eabi/7.3.1/../../../../arm-none-eabi/lib/thumb/v7-m\libc_nano.a
LOAD c:/st/stm32cubeide_1.4.0/stm32cubeide/plugins/com.st.stm32cube.ide.mcu.externaltools.gnu-tools-for-stm32.7-2018-q2-update.win32_1.4.0.202007081208/tools/bin/../lib/gcc/arm-none-eabi/7.3.1/../../../../arm-none-eabi/lib/thumb/v7-m\libnosys.a
END GROUP
START GROUP
LOAD c:/st/stm32cubeide_1.4.0/stm32cubeide/plugins/com.st.stm32cube.ide.mcu.externaltools.gnu-tools-for-stm32.7-2018-q2-update.win32_1.4.0.202007081208/tools/bin/../lib/gcc/arm-none-eabi/7.3.1/thumb/v7-m\libgcc.a
LOAD c:/st/stm32cubeide_1.4.0/stm32cubeide/plugins/com.st.stm32cube.ide.mcu.externaltools.gnu-tools-for-stm32.7-2018-q2-update.win32_1.4.0.202007081208/tools/bin/../lib/gcc/arm-none-eabi/7.3.1/../../../../arm-none-eabi/lib/thumb/v7-m\libc_nano.a
LOAD c:/st/stm32cubeide_1.4.0/stm32cubeide/plugins/com.st.stm32cube.ide.mcu.externaltools.gnu-tools-for-stm32.7-2018-q2-update.win32_1.4.0.202007081208/tools/bin/../lib/gcc/arm-none-eabi/7.3.1/../../../../arm-none-eabi/lib/thumb/v7-m\libnosys.a
END GROUP
LOAD c:/st/stm32cubeide_1.4.0/stm32cubeide/plugins/com.st.stm32cube.ide.mcu.externaltools.gnu-tools-for-stm32.7-2018-q2-update.win32_1.4.0.202007081208/tools/bin/../lib/gcc/arm-none-eabi/7.3.1/thumb/v7-m/crtend.o
LOAD c:/st/stm32cubeide_1.4.0/stm32cubeide/plugins/com.st.stm32cube.ide.mcu.externaltools.gnu-tools-for-stm32.7-2018-q2-update.win32_1.4.0.202007081208/tools/bin/../lib/gcc/arm-none-eabi/7.3.1/thumb/v7-m/crtn.o
                0x0000000020002800                _estack = (ORIGIN (RAM) + LENGTH (RAM))
                0x0000000000000200                _Min_Heap_Size = 0x200
                0x0000000000000400                _Min_Stack_Size = 0x400

.isr_vector     0x0000000008000000      0x130
                0x0000000008000000                . = ALIGN (0x4)
 *(.isr_vector)
 .isr_vector    0x0000000008000000      0x130 Startup/startup_stm32f103c6tx.o
                0x0000000008000000                g_pfnVectors
                0x0000000008000130                . = ALIGN (0x4)

.text           0x0000000008000130      0xa00
                0x0000000008000130                . = ALIGN (0x4)
 *(.text)
 .text          0x0000000008000130       0x40 c:/st/stm32cubeide_1.4.0/stm32cubeide/plugins/com.st.stm32cube.ide.mcu.externaltools.gnu-tools-for-stm32.7-2018-q2-update.win32_1.4.0.202007081208/tools/bin/../lib/gcc/arm-none-eabi/7.3.1/thumb/v7-m/crtbegin.o
 *(.text*)
 .text.UART_IRQ_Callback
                0x0000000008000170       0x24 Src/main.o
                0x0000000008000170                UART_IRQ_Callback
 .text.main     0x0000000008000194       0x60 Src/main.o
                0x0000000008000194                main
 .text.Reset_Handler
                0x00000000080001f4       0x50 Startup/startup_stm32f103c6tx.o
                0x00000000080001f4                Reset_Handler
 .text.Default_Handler
                0x0000000008000244        0x2 Startup/startup_stm32f103c6tx.o
                0x0000000008000244                TIM8_TRG_COM_IRQHandler
                0x0000000008000244                TIM8_CC_IRQHandler
                0x0000000008000244                DebugMon_Handler
                0x0000000008000244                TIM1_CC_IRQHandler
                0x0000000008000244                HardFault_Handler
                0x0000000008000244                TIM6_IRQHandler
                0x0000000008000244                SysTick_Handler
                0x0000000008000244                PVD_IRQHandler
                0x0000000008000244                SDIO_IRQHandler
                0x0000000008000244                PendSV_Handler
                0x0000000008000244                NMI_Handler
                0x0000000008000244                USB_HP_CAN_TX_IRQHandler
                0x0000000008000244                I2C2_EV_IRQHandler
                0x0000000008000244                UsageFault_Handler
                0x0000000008000244                ADC1_2_IRQHandler
                0x0000000008000244                SPI1_IRQHandler
                0x0000000008000244                CAN_SCE_IRQHandler
                0x0000000008000244                TAMPER_IRQHandler
                0x0000000008000244                TIM8_UP_IRQHandler
                0x0000000008000244                DMA2_Channel2_IRQHandler
                0x0000000008000244                DMA1_Channel4_IRQHandler
                0x0000000008000244                RTC_IRQHandler
                0x0000000008000244                DMA1_Channel7_IRQHandler
                0x0000000008000244                UART5_IRQHandler
                0x0000000008000244                ADC3_IRQHandler
                0x0000000008000244                TIM4_IRQHandler
                0x0000000008000244                CAN_RX1_IRQHandler
                0x0000000008000244                DMA2_Channel1_IRQHandler
                0x0000000008000244                I2C1_EV_IRQHandler
                0x0000000008000244                DMA1_Channel6_IRQHandler
                0x0000000008000244                UART4_IRQHandler
                0x0000000008000244                TIM3_IRQHandler
                0x0000000008000244                RCC_IRQHandler
                0x0000000008000244                TIM1_TRG_COM_IRQHandler
                0x0000000008000244                DMA1_Channel1_IRQHandler
                0x0000000008000244                Default_Handler
                0x0000000008000244                TIM7_IRQHandler
                0x0000000008000244                TIM5_IRQHandler
                0x0000000008000244                SPI2_IRQHandler
                0x0000000008000244                USB_LP_CAN_RX0_IRQHandler
                0x0000000008000244                MemManage_Handler
                0x0000000008000244                SVC_Handler
                0x0000000008000244                DMA1_Channel5_IRQHandler
                0x0000000008000244                DMA1_Channel3_IRQHandler
                0x0000000008000244                FSMC_IRQHandler
                0x0000000008000244                TIM1_UP_IRQHandler
                0x0000000008000244                WWDG_IRQHandler
                0x0000000008000244                TIM2_IRQHandler
                0x0000000008000244                TIM1_BRK_IRQHandler
                0x0000000008000244                RTCAlarm_IRQHandler
                0x0000000008000244                DMA2_Channel4_5_IRQHandler
                0x0000000008000244                I2C2_ER_IRQHandler
                0x0000000008000244                DMA1_Channel2_IRQHandler
                0x0000000008000244                TIM8_BRK_IRQHandler
                0x0000000008000244                FLASH_IRQHandler
                0x0000000008000244                BusFault_Handler
                0x0000000008000244                SPI3_IRQHandler
                0x0000000008000244                I2C1_ER_IRQHandler
                0x0000000008000244                DMA2_Channel3_IRQHandler
 *fill*         0x0000000008000246        0x2 
 .text.EXTI0_IRQHandler
                0x0000000008000248       0x24 Stm32_F103C6_Drivers/MCAL/EXTI_DRIVER/EXTI.o
                0x0000000008000248                EXTI0_IRQHandler
 .text.EXTI1_IRQHandler
                0x000000000800026c       0x24 Stm32_F103C6_Drivers/MCAL/EXTI_DRIVER/EXTI.o
                0x000000000800026c                EXTI1_IRQHandler
 .text.EXTI2_IRQHandler
                0x0000000008000290       0x24 Stm32_F103C6_Drivers/MCAL/EXTI_DRIVER/EXTI.o
                0x0000000008000290                EXTI2_IRQHandler
 .text.EXTI3_IRQHandler
                0x00000000080002b4       0x24 Stm32_F103C6_Drivers/MCAL/EXTI_DRIVER/EXTI.o
                0x00000000080002b4                EXTI3_IRQHandler
 .text.EXTI4_IRQHandler
                0x00000000080002d8       0x24 Stm32_F103C6_Drivers/MCAL/EXTI_DRIVER/EXTI.o
                0x00000000080002d8                EXTI4_IRQHandler
 .text.EXTI9_5_IRQHandler
                0x00000000080002fc       0xa8 Stm32_F103C6_Drivers/MCAL/EXTI_DRIVER/EXTI.o
                0x00000000080002fc                EXTI9_5_IRQHandler
 .text.EXTI15_10_IRQHandler
                0x00000000080003a4       0xc4 Stm32_F103C6_Drivers/MCAL/EXTI_DRIVER/EXTI.o
                0x00000000080003a4                EXTI15_10_IRQHandler
 .text.Get_Position_in_CRL_CRH
                0x0000000008000468       0xc6 Stm32_F103C6_Drivers/MCAL/GPIO_DRIVER/GPIO.o
                0x0000000008000468                Get_Position_in_CRL_CRH
 .text.MCAL_GPIO_Init
                0x000000000800052e       0xfe Stm32_F103C6_Drivers/MCAL/GPIO_DRIVER/GPIO.o
                0x000000000800052e                MCAL_GPIO_Init
 .text.MCAL_RCC_GetSystem_ClckFreqency
                0x000000000800062c       0x40 Stm32_F103C6_Drivers/MCAL/RCC_DRIVER/RCC.o
                0x000000000800062c                MCAL_RCC_GetSystem_ClckFreqency
 .text.MCAL_RCC_Get_HClckFreqency
                0x000000000800066c       0x28 Stm32_F103C6_Drivers/MCAL/RCC_DRIVER/RCC.o
                0x000000000800066c                MCAL_RCC_Get_HClckFreqency
 .text.MCAL_RCC_Get_PCLK1Freqency
                0x0000000008000694       0x28 Stm32_F103C6_Drivers/MCAL/RCC_DRIVER/RCC.o
                0x0000000008000694                MCAL_RCC_Get_PCLK1Freqency
 .text.MCAL_RCC_Get_PCLK2Freqency
                0x00000000080006bc       0x28 Stm32_F103C6_Drivers/MCAL/RCC_DRIVER/RCC.o
                0x00000000080006bc                MCAL_RCC_Get_PCLK2Freqency
 .text.MCAL_USART_Init
                0x00000000080006e4      0x17c Stm32_F103C6_Drivers/MCAL/USART_DRIVER/USART.o
                0x00000000080006e4                MCAL_USART_Init
 .text.MCAL_USART_GPIO_Set_Pins
                0x0000000008000860      0x1a0 Stm32_F103C6_Drivers/MCAL/USART_DRIVER/USART.o
                0x0000000008000860                MCAL_USART_GPIO_Set_Pins
 .text.MCAL_USART_SendData
                0x0000000008000a00       0x36 Stm32_F103C6_Drivers/MCAL/USART_DRIVER/USART.o
                0x0000000008000a00                MCAL_USART_SendData
 *fill*         0x0000000008000a36        0x2 
 .text.MCAL_USART_ReceiveData
                0x0000000008000a38       0x5c Stm32_F103C6_Drivers/MCAL/USART_DRIVER/USART.o
                0x0000000008000a38                MCAL_USART_ReceiveData
 .text.USART1_IRQHandler
                0x0000000008000a94       0x14 Stm32_F103C6_Drivers/MCAL/USART_DRIVER/USART.o
                0x0000000008000a94                USART1_IRQHandler
 .text.USART2_IRQHandler
                0x0000000008000aa8       0x14 Stm32_F103C6_Drivers/MCAL/USART_DRIVER/USART.o
                0x0000000008000aa8                USART2_IRQHandler
 .text.USART3_IRQHandler
                0x0000000008000abc       0x14 Stm32_F103C6_Drivers/MCAL/USART_DRIVER/USART.o
                0x0000000008000abc                USART3_IRQHandler
 .text.__libc_init_array
                0x0000000008000ad0       0x48 c:/st/stm32cubeide_1.4.0/stm32cubeide/plugins/com.st.stm32cube.ide.mcu.externaltools.gnu-tools-for-stm32.7-2018-q2-update.win32_1.4.0.202007081208/tools/bin/../lib/gcc/arm-none-eabi/7.3.1/../../../../arm-none-eabi/lib/thumb/v7-m\libc_nano.a(lib_a-init.o)
                0x0000000008000ad0                __libc_init_array
 *(.glue_7)
 .glue_7        0x0000000008000b18        0x0 linker stubs
 *(.glue_7t)
 .glue_7t       0x0000000008000b18        0x0 linker stubs
 *(.eh_frame)
 .eh_frame      0x0000000008000b18        0x0 c:/st/stm32cubeide_1.4.0/stm32cubeide/plugins/com.st.stm32cube.ide.mcu.externaltools.gnu-tools-for-stm32.7-2018-q2-update.win32_1.4.0.202007081208/tools/bin/../lib/gcc/arm-none-eabi/7.3.1/thumb/v7-m/crtbegin.o
 *(.init)
 .init          0x0000000008000b18        0x4 c:/st/stm32cubeide_1.4.0/stm32cubeide/plugins/com.st.stm32cube.ide.mcu.externaltools.gnu-tools-for-stm32.7-2018-q2-update.win32_1.4.0.202007081208/tools/bin/../lib/gcc/arm-none-eabi/7.3.1/thumb/v7-m/crti.o
                0x0000000008000b18                _init
 .init          0x0000000008000b1c        0x8 c:/st/stm32cubeide_1.4.0/stm32cubeide/plugins/com.st.stm32cube.ide.mcu.externaltools.gnu-tools-for-stm32.7-2018-q2-update.win32_1.4.0.202007081208/tools/bin/../lib/gcc/arm-none-eabi/7.3.1/thumb/v7-m/crtn.o
 *(.fini)
 .fini          0x0000000008000b24        0x4 c:/st/stm32cubeide_1.4.0/stm32cubeide/plugins/com.st.stm32cube.ide.mcu.externaltools.gnu-tools-for-stm32.7-2018-q2-update.win32_1.4.0.202007081208/tools/bin/../lib/gcc/arm-none-eabi/7.3.1/thumb/v7-m/crti.o
                0x0000000008000b24                _fini
 .fini          0x0000000008000b28        0x8 c:/st/stm32cubeide_1.4.0/stm32cubeide/plugins/com.st.stm32cube.ide.mcu.externaltools.gnu-tools-for-stm32.7-2018-q2-update.win32_1.4.0.202007081208/tools/bin/../lib/gcc/arm-none-eabi/7.3.1/thumb/v7-m/crtn.o
                0x0000000008000b30                . = ALIGN (0x4)
                0x0000000008000b30                _etext = .

.vfp11_veneer   0x0000000008000b30        0x0
 .vfp11_veneer  0x0000000008000b30        0x0 linker stubs

.v4_bx          0x0000000008000b30        0x0
 .v4_bx         0x0000000008000b30        0x0 linker stubs

.iplt           0x0000000008000b30        0x0
 .iplt          0x0000000008000b30        0x0 c:/st/stm32cubeide_1.4.0/stm32cubeide/plugins/com.st.stm32cube.ide.mcu.externaltools.gnu-tools-for-stm32.7-2018-q2-update.win32_1.4.0.202007081208/tools/bin/../lib/gcc/arm-none-eabi/7.3.1/thumb/v7-m/crtbegin.o

.rel.dyn        0x0000000008000b30        0x0
 .rel.iplt      0x0000000008000b30        0x0 c:/st/stm32cubeide_1.4.0/stm32cubeide/plugins/com.st.stm32cube.ide.mcu.externaltools.gnu-tools-for-stm32.7-2018-q2-update.win32_1.4.0.202007081208/tools/bin/../lib/gcc/arm-none-eabi/7.3.1/thumb/v7-m/crtbegin.o

.rodata         0x0000000008000b30        0x0
                0x0000000008000b30                . = ALIGN (0x4)
 *(.rodata)
 *(.rodata*)
                0x0000000008000b30                . = ALIGN (0x4)

.ARM.extab      0x0000000008000b30        0x0
                0x0000000008000b30                . = ALIGN (0x4)
 *(.ARM.extab* .gnu.linkonce.armextab.*)
                0x0000000008000b30                . = ALIGN (0x4)

.ARM            0x0000000008000b30        0x0
                0x0000000008000b30                . = ALIGN (0x4)
                0x0000000008000b30                __exidx_start = .
 *(.ARM.exidx*)
                0x0000000008000b30                __exidx_end = .
                0x0000000008000b30                . = ALIGN (0x4)

.preinit_array  0x0000000008000b30        0x0
                0x0000000008000b30                . = ALIGN (0x4)
                0x0000000008000b30                PROVIDE (__preinit_array_start = .)
 *(.preinit_array*)
                0x0000000008000b30                PROVIDE (__preinit_array_end = .)
                0x0000000008000b30                . = ALIGN (0x4)

.init_array     0x0000000008000b30        0x4
                0x0000000008000b30                . = ALIGN (0x4)
                0x0000000008000b30                PROVIDE (__init_array_start = .)
 *(SORT_BY_NAME(.init_array.*))
 *(.init_array*)
 .init_array    0x0000000008000b30        0x4 c:/st/stm32cubeide_1.4.0/stm32cubeide/plugins/com.st.stm32cube.ide.mcu.externaltools.gnu-tools-for-stm32.7-2018-q2-update.win32_1.4.0.202007081208/tools/bin/../lib/gcc/arm-none-eabi/7.3.1/thumb/v7-m/crtbegin.o
                0x0000000008000b34                PROVIDE (__init_array_end = .)
                0x0000000008000b34                . = ALIGN (0x4)

.fini_array     0x0000000008000b34        0x4
                0x0000000008000b34                . = ALIGN (0x4)
                [!provide]                        PROVIDE (__fini_array_start = .)
 *(SORT_BY_NAME(.fini_array.*))
 *(.fini_array*)
 .fini_array    0x0000000008000b34        0x4 c:/st/stm32cubeide_1.4.0/stm32cubeide/plugins/com.st.stm32cube.ide.mcu.externaltools.gnu-tools-for-stm32.7-2018-q2-update.win32_1.4.0.202007081208/tools/bin/../lib/gcc/arm-none-eabi/7.3.1/thumb/v7-m/crtbegin.o
                [!provide]                        PROVIDE (__fini_array_end = .)
                0x0000000008000b38                . = ALIGN (0x4)
                0x0000000008000b38                _sidata = LOADADDR (.data)

.data           0x0000000020000000        0x8 load address 0x0000000008000b38
                0x0000000020000000                . = ALIGN (0x4)
                0x0000000020000000                _sdata = .
 *(.data)
 *(.data*)
 .data.APB_PreScaler
                0x0000000020000000        0x8 Stm32_F103C6_Drivers/MCAL/RCC_DRIVER/RCC.o
                0x0000000020000000                APB_PreScaler
                0x0000000020000008                . = ALIGN (0x4)
                0x0000000020000008                _edata = .

.igot.plt       0x0000000020000008        0x0 load address 0x0000000008000b40
 .igot.plt      0x0000000020000008        0x0 c:/st/stm32cubeide_1.4.0/stm32cubeide/plugins/com.st.stm32cube.ide.mcu.externaltools.gnu-tools-for-stm32.7-2018-q2-update.win32_1.4.0.202007081208/tools/bin/../lib/gcc/arm-none-eabi/7.3.1/thumb/v7-m/crtbegin.o
                0x0000000020000008                . = ALIGN (0x4)

.bss            0x0000000020000008       0x64 load address 0x0000000008000b40
                0x0000000020000008                _sbss = .
                0x0000000020000008                __bss_start__ = _sbss
 *(.bss)
 .bss           0x0000000020000008       0x1c c:/st/stm32cubeide_1.4.0/stm32cubeide/plugins/com.st.stm32cube.ide.mcu.externaltools.gnu-tools-for-stm32.7-2018-q2-update.win32_1.4.0.202007081208/tools/bin/../lib/gcc/arm-none-eabi/7.3.1/thumb/v7-m/crtbegin.o
 *(.bss*)
 .bss.G_USART_Config
                0x0000000020000024        0x4 Stm32_F103C6_Drivers/MCAL/USART_DRIVER/USART.o
                0x0000000020000024                G_USART_Config
 *(COMMON)
 COMMON         0x0000000020000028        0x2 Src/main.o
                0x0000000020000028                Data
 *fill*         0x000000002000002a        0x2 
 COMMON         0x000000002000002c       0x40 Stm32_F103C6_Drivers/MCAL/EXTI_DRIVER/EXTI.o
                0x000000002000002c                GP_IRQ_FUNC_CALLBACK
                0x000000002000006c                . = ALIGN (0x4)
                0x000000002000006c                _ebss = .
                0x000000002000006c                __bss_end__ = _ebss

._user_heap_stack
                0x000000002000006c      0x604 load address 0x0000000008000b40
                0x0000000020000070                . = ALIGN (0x8)
 *fill*         0x000000002000006c        0x4 
                [!provide]                        PROVIDE (end = .)
                0x0000000020000070                PROVIDE (_end = .)
                0x0000000020000270                . = (. + _Min_Heap_Size)
 *fill*         0x0000000020000070      0x200 
                0x0000000020000670                . = (. + _Min_Stack_Size)
 *fill*         0x0000000020000270      0x400 
                0x0000000020000670                . = ALIGN (0x8)

/DISCARD/
 libc.a(*)
 libm.a(*)
 libgcc.a(*)

.ARM.attributes
                0x0000000000000000       0x29
 *(.ARM.attributes)
 .ARM.attributes
                0x0000000000000000       0x1d c:/st/stm32cubeide_1.4.0/stm32cubeide/plugins/com.st.stm32cube.ide.mcu.externaltools.gnu-tools-for-stm32.7-2018-q2-update.win32_1.4.0.202007081208/tools/bin/../lib/gcc/arm-none-eabi/7.3.1/thumb/v7-m/crti.o
 .ARM.attributes
                0x000000000000001d       0x2d c:/st/stm32cubeide_1.4.0/stm32cubeide/plugins/com.st.stm32cube.ide.mcu.externaltools.gnu-tools-for-stm32.7-2018-q2-update.win32_1.4.0.202007081208/tools/bin/../lib/gcc/arm-none-eabi/7.3.1/thumb/v7-m/crtbegin.o
 .ARM.attributes
                0x000000000000004a       0x33 Src/main.o
 .ARM.attributes
                0x000000000000007d       0x21 Startup/startup_stm32f103c6tx.o
 .ARM.attributes
                0x000000000000009e       0x33 Stm32_F103C6_Drivers/MCAL/EXTI_DRIVER/EXTI.o
 .ARM.attributes
                0x00000000000000d1       0x33 Stm32_F103C6_Drivers/MCAL/GPIO_DRIVER/GPIO.o
 .ARM.attributes
                0x0000000000000104       0x33 Stm32_F103C6_Drivers/MCAL/RCC_DRIVER/RCC.o
 .ARM.attributes
                0x0000000000000137       0x33 Stm32_F103C6_Drivers/MCAL/USART_DRIVER/USART.o
 .ARM.attributes
                0x000000000000016a       0x2d c:/st/stm32cubeide_1.4.0/stm32cubeide/plugins/com.st.stm32cube.ide.mcu.externaltools.gnu-tools-for-stm32.7-2018-q2-update.win32_1.4.0.202007081208/tools/bin/../lib/gcc/arm-none-eabi/7.3.1/../../../../arm-none-eabi/lib/thumb/v7-m\libc_nano.a(lib_a-init.o)
 .ARM.attributes
                0x0000000000000197       0x1d c:/st/stm32cubeide_1.4.0/stm32cubeide/plugins/com.st.stm32cube.ide.mcu.externaltools.gnu-tools-for-stm32.7-2018-q2-update.win32_1.4.0.202007081208/tools/bin/../lib/gcc/arm-none-eabi/7.3.1/thumb/v7-m/crtn.o
OUTPUT(Drivers1.elf elf32-littlearm)

.debug_info     0x0000000000000000     0x405e
 .debug_info    0x0000000000000000      0xc0f Src/main.o
 .debug_info    0x0000000000000c0f       0x22 Startup/startup_stm32f103c6tx.o
 .debug_info    0x0000000000000c31      0xdbf Stm32_F103C6_Drivers/MCAL/EXTI_DRIVER/EXTI.o
 .debug_info    0x00000000000019f0      0xd59 Stm32_F103C6_Drivers/MCAL/GPIO_DRIVER/GPIO.o
 .debug_info    0x0000000000002749      0xb08 Stm32_F103C6_Drivers/MCAL/RCC_DRIVER/RCC.o
 .debug_info    0x0000000000003251      0xe0d Stm32_F103C6_Drivers/MCAL/USART_DRIVER/USART.o

.debug_abbrev   0x0000000000000000      0x9b8
 .debug_abbrev  0x0000000000000000      0x1aa Src/main.o
 .debug_abbrev  0x00000000000001aa       0x12 Startup/startup_stm32f103c6tx.o
 .debug_abbrev  0x00000000000001bc      0x201 Stm32_F103C6_Drivers/MCAL/EXTI_DRIVER/EXTI.o
 .debug_abbrev  0x00000000000003bd      0x232 Stm32_F103C6_Drivers/MCAL/GPIO_DRIVER/GPIO.o
 .debug_abbrev  0x00000000000005ef      0x19b Stm32_F103C6_Drivers/MCAL/RCC_DRIVER/RCC.o
 .debug_abbrev  0x000000000000078a      0x22e Stm32_F103C6_Drivers/MCAL/USART_DRIVER/USART.o

.debug_loc      0x0000000000000000      0xa10
 .debug_loc     0x0000000000000000       0x64 Src/main.o
 .debug_loc     0x0000000000000064      0x320 Stm32_F103C6_Drivers/MCAL/EXTI_DRIVER/EXTI.o
 .debug_loc     0x0000000000000384      0x330 Stm32_F103C6_Drivers/MCAL/GPIO_DRIVER/GPIO.o
 .debug_loc     0x00000000000006b4       0xc8 Stm32_F103C6_Drivers/MCAL/RCC_DRIVER/RCC.o
 .debug_loc     0x000000000000077c      0x294 Stm32_F103C6_Drivers/MCAL/USART_DRIVER/USART.o

.debug_aranges  0x0000000000000000      0x1c8
 .debug_aranges
                0x0000000000000000       0x28 Src/main.o
 .debug_aranges
                0x0000000000000028       0x28 Startup/startup_stm32f103c6tx.o
 .debug_aranges
                0x0000000000000050       0x80 Stm32_F103C6_Drivers/MCAL/EXTI_DRIVER/EXTI.o
 .debug_aranges
                0x00000000000000d0       0x60 Stm32_F103C6_Drivers/MCAL/GPIO_DRIVER/GPIO.o
 .debug_aranges
                0x0000000000000130       0x38 Stm32_F103C6_Drivers/MCAL/RCC_DRIVER/RCC.o
 .debug_aranges
                0x0000000000000168       0x60 Stm32_F103C6_Drivers/MCAL/USART_DRIVER/USART.o

.debug_ranges   0x0000000000000000      0x170
 .debug_ranges  0x0000000000000000       0x18 Src/main.o
 .debug_ranges  0x0000000000000018       0x20 Startup/startup_stm32f103c6tx.o
 .debug_ranges  0x0000000000000038       0x70 Stm32_F103C6_Drivers/MCAL/EXTI_DRIVER/EXTI.o
 .debug_ranges  0x00000000000000a8       0x50 Stm32_F103C6_Drivers/MCAL/GPIO_DRIVER/GPIO.o
 .debug_ranges  0x00000000000000f8       0x28 Stm32_F103C6_Drivers/MCAL/RCC_DRIVER/RCC.o
 .debug_ranges  0x0000000000000120       0x50 Stm32_F103C6_Drivers/MCAL/USART_DRIVER/USART.o

.debug_macro    0x0000000000000000      0xe51
 .debug_macro   0x0000000000000000      0x187 Src/main.o
 .debug_macro   0x0000000000000187       0xd6 Src/main.o
 .debug_macro   0x000000000000025d      0x22f Src/main.o
 .debug_macro   0x000000000000048c       0x40 Src/main.o
 .debug_macro   0x00000000000004cc       0x1c Src/main.o
 .debug_macro   0x00000000000004e8      0x102 Src/main.o
 .debug_macro   0x00000000000005ea      0x14e Stm32_F103C6_Drivers/MCAL/EXTI_DRIVER/EXTI.o
 .debug_macro   0x0000000000000738      0x229 Stm32_F103C6_Drivers/MCAL/EXTI_DRIVER/EXTI.o
 .debug_macro   0x0000000000000961      0x13f Stm32_F103C6_Drivers/MCAL/GPIO_DRIVER/GPIO.o
 .debug_macro   0x0000000000000aa0      0x148 Stm32_F103C6_Drivers/MCAL/RCC_DRIVER/RCC.o
 .debug_macro   0x0000000000000be8       0x16 Stm32_F103C6_Drivers/MCAL/RCC_DRIVER/RCC.o
 .debug_macro   0x0000000000000bfe      0x157 Stm32_F103C6_Drivers/MCAL/USART_DRIVER/USART.o
 .debug_macro   0x0000000000000d55       0xfc Stm32_F103C6_Drivers/MCAL/USART_DRIVER/USART.o

.debug_line     0x0000000000000000     0x2259
 .debug_line    0x0000000000000000      0x761 Src/main.o
 .debug_line    0x0000000000000761       0x84 Startup/startup_stm32f103c6tx.o
 .debug_line    0x00000000000007e5      0x744 Stm32_F103C6_Drivers/MCAL/EXTI_DRIVER/EXTI.o
 .debug_line    0x0000000000000f29      0x657 Stm32_F103C6_Drivers/MCAL/GPIO_DRIVER/GPIO.o
 .debug_line    0x0000000000001580      0x5cf Stm32_F103C6_Drivers/MCAL/RCC_DRIVER/RCC.o
 .debug_line    0x0000000000001b4f      0x70a Stm32_F103C6_Drivers/MCAL/USART_DRIVER/USART.o

.debug_str      0x0000000000000000     0xa07d
 .debug_str     0x0000000000000000     0x9aaf Src/main.o
                                       0x9d15 (size before relaxing)
 .debug_str     0x0000000000009aaf       0x31 Startup/startup_stm32f103c6tx.o
                                         0x56 (size before relaxing)
 .debug_str     0x0000000000009ae0      0x28b Stm32_F103C6_Drivers/MCAL/EXTI_DRIVER/EXTI.o
                                       0x9505 (size before relaxing)
 .debug_str     0x0000000000009d6b      0x136 Stm32_F103C6_Drivers/MCAL/GPIO_DRIVER/GPIO.o
                                       0x813d (size before relaxing)
 .debug_str     0x0000000000009ea1       0xbb Stm32_F103C6_Drivers/MCAL/RCC_DRIVER/RCC.o
                                       0x80d5 (size before relaxing)
 .debug_str     0x0000000000009f5c      0x121 Stm32_F103C6_Drivers/MCAL/USART_DRIVER/USART.o
                                       0x87fb (size before relaxing)

.comment        0x0000000000000000       0x7b
 .comment       0x0000000000000000       0x7b Src/main.o
                                         0x7c (size before relaxing)
 .comment       0x000000000000007b       0x7c Stm32_F103C6_Drivers/MCAL/EXTI_DRIVER/EXTI.o
 .comment       0x000000000000007b       0x7c Stm32_F103C6_Drivers/MCAL/GPIO_DRIVER/GPIO.o
 .comment       0x000000000000007b       0x7c Stm32_F103C6_Drivers/MCAL/RCC_DRIVER/RCC.o
 .comment       0x000000000000007b       0x7c Stm32_F103C6_Drivers/MCAL/USART_DRIVER/USART.o

.debug_frame    0x0000000000000000      0x570
 .debug_frame   0x0000000000000000       0x4c Src/main.o
 .debug_frame   0x000000000000004c      0x1b0 Stm32_F103C6_Drivers/MCAL/EXTI_DRIVER/EXTI.o
 .debug_frame   0x00000000000001fc      0x178 Stm32_F103C6_Drivers/MCAL/GPIO_DRIVER/GPIO.o
 .debug_frame   0x0000000000000374       0x84 Stm32_F103C6_Drivers/MCAL/RCC_DRIVER/RCC.o
 .debug_frame   0x00000000000003f8      0x14c Stm32_F103C6_Drivers/MCAL/USART_DRIVER/USART.o
 .debug_frame   0x0000000000000544       0x2c c:/st/stm32cubeide_1.4.0/stm32cubeide/plugins/com.st.stm32cube.ide.mcu.externaltools.gnu-tools-for-stm32.7-2018-q2-update.win32_1.4.0.202007081208/tools/bin/../lib/gcc/arm-none-eabi/7.3.1/../../../../arm-none-eabi/lib/thumb/v7-m\libc_nano.a(lib_a-init.o)
